L 01/21/2026 - 17:57:45: Log file started (file "logs/L0121000.log") (game "cstrike") (version "48/1.1.2.7/Stdio/4002")
L 01/21/2026 - 17:57:53: World triggered "Round_Start"
L 01/21/2026 - 17:58:18: "quantux<1><STEAM_0:1:101622284><>" connected, address "192.168.1.3:27005"
L 01/21/2026 - 17:58:19: "quantux<1><STEAM_0:1:101622284><>" entered the game
L 01/21/2026 - 17:58:20: "quantux<1><STEAM_0:1:101622284><>" joined team "TERRORIST"
L 01/21/2026 - 17:58:21: "quantux<1><STEAM_0:1:101622284><TERRORIST>" triggered "Spawned_With_The_Bomb"
L 01/21/2026 - 17:58:23: Rcon: "rcon 2017000849 "admin123" yb fill team" from "192.168.1.3:27005"
L 01/21/2026 - 17:58:23: "Deadlynome<2><BOT><>" entered the game
L 01/21/2026 - 17:58:23: "Deadlynome<2><BOT><>" joined team "CT"
L 01/21/2026 - 17:58:23: World triggered "Game_Commencing"
L 01/21/2026 - 17:58:23: World triggered "Game_Commencing" (CT "0") (T "0")
L 01/21/2026 - 17:58:23: World triggered "Round_End"
L 01/21/2026 - 17:58:23: "007<3><BOT><>" entered the game
L 01/21/2026 - 17:58:23: Kick: "Deadlynome<2><><>" was kicked by "Console"
L 01/21/2026 - 17:58:23: "Deadlynome<2><BOT><CT>" disconnected
L 01/21/2026 - 17:58:23: "007<3><BOT><>" joined team "CT"
L 01/21/2026 - 17:58:23: "-=Sh0rTy=-<4><BOT><>" entered the game
L 01/21/2026 - 17:58:23: "-=Sh0rTy=-<4><BOT><>" joined team "CT"
L 01/21/2026 - 17:58:23: "xUTxJackFrost<5><BOT><>" entered the game
L 01/21/2026 - 17:58:23: "xUTxJackFrost<5><BOT><>" joined team "TERRORIST"
L 01/21/2026 - 17:58:23: "Shadow-Death<6><BOT><>" entered the game
L 01/21/2026 - 17:58:23: "Shadow-Death<6><BOT><>" joined team "CT"
L 01/21/2026 - 17:58:24: "goat<7><BOT><>" entered the game
L 01/21/2026 - 17:58:24: "goat<7><BOT><>" joined team "TERRORIST"
L 01/21/2026 - 17:58:24: "gixsir1000<8><BOT><>" entered the game
L 01/21/2026 - 17:58:24: "gixsir1000<8><BOT><>" joined team "TERRORIST"
L 01/21/2026 - 17:58:24: "Deadlynome<9><BOT><>" entered the game
L 01/21/2026 - 17:58:24: "Deadlynome<9><BOT><>" joined team "CT"
L 01/21/2026 - 17:58:24: "tHeCh0sEn0nE<10><BOT><>" entered the game
L 01/21/2026 - 17:58:24: "tHeCh0sEn0nE<10><BOT><>" joined team "CT"
L 01/21/2026 - 17:58:24: "Major<11><BOT><>" entered the game
L 01/21/2026 - 17:58:24: "Major<11><BOT><>" joined team "TERRORIST"
L 01/21/2026 - 17:58:24: "MeRCeNaRy<12><BOT><>" entered the game
L 01/21/2026 - 17:58:24: "MeRCeNaRy<12><BOT><>" joined team "CT"
L 01/21/2026 - 17:58:24: "SuperWaffle<13><BOT><>" entered the game
L 01/21/2026 - 17:58:24: "SuperWaffle<13><BOT><>" joined team "TERRORIST"
L 01/21/2026 - 17:58:24: "Brandon<14><BOT><>" entered the game
L 01/21/2026 - 17:58:24: "Brandon<14><BOT><>" joined team "TERRORIST"
L 01/21/2026 - 17:58:24: "Counter123<15><BOT><>" entered the game
L 01/21/2026 - 17:58:24: "Counter123<15><BOT><>" joined team "CT"
L 01/21/2026 - 17:58:24: "[SMUT]DarkDruid<16><BOT><>" entered the game
L 01/21/2026 - 17:58:24: "[SMUT]DarkDruid<16><BOT><>" joined team "CT"
L 01/21/2026 - 17:58:25: Kick: "007<3><><>" was kicked by "Console"
L 01/21/2026 - 17:58:25: "007<3><BOT><CT>" disconnected
L 01/21/2026 - 17:58:26: "xUTxJackFrost<5><BOT><TERRORIST>" triggered "Spawned_With_The_Bomb"
L 01/21/2026 - 17:58:29: World triggered "Round_Start"
L 01/21/2026 - 17:58:36: "quantux<1><STEAM_0:1:101622284><TERRORIST>" disconnected
L 01/21/2026 - 17:58:37: "Domo<17><BOT><>" entered the game
L 01/21/2026 - 17:58:37: "Domo<17><BOT><>" joined team "TERRORIST"
L 01/21/2026 - 17:58:37: "ultimo101<18><BOT><>" entered the game
L 01/21/2026 - 17:58:37: "ultimo101<18><BOT><>" joined team "TERRORIST"
L 01/21/2026 - 17:58:43: "goat<7><BOT><TERRORIST>" killed "MeRCeNaRy<12><BOT><CT>" with "usp"
L 01/21/2026 - 17:58:49: "goat<7><BOT><TERRORIST>" killed "-=Sh0rTy=-<4><BOT><CT>" with "usp"
L 01/21/2026 - 17:58:50: "Counter123<15><BOT><CT>" killed "goat<7><BOT><TERRORIST>" with "usp"
L 01/21/2026 - 17:58:50: "gixsir1000<8><BOT><TERRORIST>" killed "Counter123<15><BOT><CT>" with "glock18"
L 01/21/2026 - 17:58:52: "tHeCh0sEn0nE<10><BOT><CT>" killed "xUTxJackFrost<5><BOT><TERRORIST>" with "usp"
L 01/21/2026 - 17:58:52: "xUTxJackFrost<5><BOT><TERRORIST>" triggered "Dropped_The_Bomb"
L 01/21/2026 - 17:58:55: "gixsir1000<8><BOT><TERRORIST>" killed "Deadlynome<9><BOT><CT>" with "glock18"
L 01/21/2026 - 17:58:56: "tHeCh0sEn0nE<10><BOT><CT>" killed "SuperWaffle<13><BOT><TERRORIST>" with "usp"
L 01/21/2026 - 17:58:58: "Major<11><BOT><TERRORIST>" killed "Shadow-Death<6><BOT><CT>" with "knife"
L 01/21/2026 - 17:59:01: "gixsir1000<8><BOT><TERRORIST>" killed "tHeCh0sEn0nE<10><BOT><CT>" with "glock18"
L 01/21/2026 - 17:59:05: "gixsir1000<8><BOT><TERRORIST>" killed "[SMUT]DarkDruid<16><BOT><CT>" with "glock18"
L 01/21/2026 - 17:59:05: Team "TERRORIST" triggered "Terrorists_Win" (CT "0") (T "1")
L 01/21/2026 - 17:59:05: World triggered "Round_End"
L 01/21/2026 - 17:59:08: "Brandon<14><BOT><TERRORIST>" triggered "Got_The_Bomb"
L 01/21/2026 - 17:59:10: "xUTxJackFrost<5><BOT><TERRORIST>" triggered "Spawned_With_The_Bomb"
L 01/21/2026 - 17:59:13: World triggered "Round_Start"
L 01/21/2026 - 17:59:27: "Major<11><BOT><TERRORIST>" killed "Shadow-Death<6><BOT><CT>" with "mp5navy"
L 01/21/2026 - 17:59:28: "Counter123<15><BOT><CT>" killed "goat<7><BOT><TERRORIST>" with "usp"
L 01/21/2026 - 17:59:30: "Brandon<14><BOT><TERRORIST>" killed "Deadlynome<9><BOT><CT>" with "ak47"
L 01/21/2026 - 17:59:30: "MeRCeNaRy<12><BOT><CT>" killed "Brandon<14><BOT><TERRORIST>" with "usp"
L 01/21/2026 - 17:59:31: "[SMUT]DarkDruid<16><BOT><CT>" killed "xUTxJackFrost<5><BOT><TERRORIST>" with "usp"
L 01/21/2026 - 17:59:31: "xUTxJackFrost<5><BOT><TERRORIST>" triggered "Dropped_The_Bomb"
L 01/21/2026 - 17:59:34: "Major<11><BOT><TERRORIST>" triggered "Got_The_Bomb"
L 01/21/2026 - 17:59:34: "Major<11><BOT><TERRORIST>" killed "[SMUT]DarkDruid<16><BOT><CT>" with "mp5navy"
L 01/21/2026 - 17:59:35: "ultimo101<18><BOT><TERRORIST>" killed "Counter123<15><BOT><CT>" with "ak47"
L 01/21/2026 - 17:59:38: "ultimo101<18><BOT><TERRORIST>" killed "-=Sh0rTy=-<4><BOT><CT>" with "ak47"
L 01/21/2026 - 17:59:44: "ultimo101<18><BOT><TERRORIST>" killed "MeRCeNaRy<12><BOT><CT>" with "ak47"
L 01/21/2026 - 17:59:45: "tHeCh0sEn0nE<10><BOT><CT>" killed "ultimo101<18><BOT><TERRORIST>" with "usp"
L 01/21/2026 - 17:59:50: "gixsir1000<8><BOT><TERRORIST>" killed "tHeCh0sEn0nE<10><BOT><CT>" with "ak47"
L 01/21/2026 - 17:59:50: Team "TERRORIST" triggered "Terrorists_Win" (CT "0") (T "2")
L 01/21/2026 - 17:59:50: World triggered "Round_End"
L 01/21/2026 - 17:59:55: "goat<7><BOT><TERRORIST>" triggered "Spawned_With_The_Bomb"
L 01/21/2026 - 17:59:58: World triggered "Round_Start"
L 01/21/2026 - 18:00:11: "MeRCeNaRy<12><BOT><CT>" killed "Brandon<14><BOT><TERRORIST>" with "famas"
L 01/21/2026 - 18:00:12: "gixsir1000<8><BOT><TERRORIST>" killed "MeRCeNaRy<12><BOT><CT>" with "ak47"
L 01/21/2026 - 18:00:17: "tHeCh0sEn0nE<10><BOT><CT>" killed "gixsir1000<8><BOT><TERRORIST>" with "m4a1"
L 01/21/2026 - 18:00:17: "ultimo101<18><BOT><TERRORIST>" killed "tHeCh0sEn0nE<10><BOT><CT>" with "galil"
L 01/21/2026 - 18:00:23: "Shadow-Death<6><BOT><CT>" killed "goat<7><BOT><TERRORIST>" with "famas"
L 01/21/2026 - 18:00:23: "goat<7><BOT><TERRORIST>" triggered "Dropped_The_Bomb"
L 01/21/2026 - 18:00:26: "Shadow-Death<6><BOT><CT>" killed "Domo<17><BOT><TERRORIST>" with "famas"
L 01/21/2026 - 18:00:26: "ultimo101<18><BOT><TERRORIST>" killed "Deadlynome<9><BOT><CT>" with "galil"
L 01/21/2026 - 18:00:28: "Shadow-Death<6><BOT><CT>" killed "xUTxJackFrost<5><BOT><TERRORIST>" with "famas"
L 01/21/2026 - 18:00:39: "Major<11><BOT><TERRORIST>" killed "Counter123<15><BOT><CT>" with "mp5navy"
L 01/21/2026 - 18:00:41: "Shadow-Death<6><BOT><CT>" killed "Major<11><BOT><TERRORIST>" with "usp"
L 01/21/2026 - 18:00:42: "Shadow-Death<6><BOT><CT>" killed "ultimo101<18><BOT><TERRORIST>" with "usp"
L 01/21/2026 - 18:01:04: "SuperWaffle<13><BOT><TERRORIST>" killed "-=Sh0rTy=-<4><BOT><CT>" with "ak47"
L 01/21/2026 - 18:01:09: "[SMUT]DarkDruid<16><BOT><CT>" killed "SuperWaffle<13><BOT><TERRORIST>" with "famas"
L 01/21/2026 - 18:01:09: Team "CT" triggered "CTs_Win" (CT "1") (T "2")
L 01/21/2026 - 18:01:09: World triggered "Round_End"
L 01/21/2026 - 18:01:14: "gixsir1000<8><