L 01/21/2026 - 18:44:18: Log file started (file "logs/L0121007.log") (game "cstrike") (version "48/1.1.2.7/Stdio/4002")
L 01/21/2026 - 18:44:18: Loading map "de_dust2_fundo"
L 01/21/2026 - 18:44:18: Server cvars start
L 01/21/2026 - 18:44:18: Server cvar "allow_spectators" = "1.0"
L 01/21/2026 - 18:44:18: Server cvar "amx_client_languages" = "1"
L 01/21/2026 - 18:44:18: Server cvar "amx_language" = "en"
L 01/21/2026 - 18:44:18: Server cvar "amx_nextmap" = "de_dust2"
L 01/21/2026 - 18:44:18: Server cvar "amx_timeleft" = "00:00"
L 01/21/2026 - 18:44:18: Server cvar "amxmodx_version" = "1.8.2"
L 01/21/2026 - 18:44:18: Server cvar "coop" = "0"
L 01/21/2026 - 18:44:18: Server cvar "deathmatch" = "1"
L 01/21/2026 - 18:44:18: Server cvar "decalfrequency" = "30"
L 01/21/2026 - 18:44:18: Server cvar "edgefriction" = "2"
L 01/21/2026 - 18:44:18: Server cvar "ff_damage_reduction_bullets" = "0.35"
L 01/21/2026 - 18:44:18: Server cvar "ff_damage_reduction_grenade" = "0.25"
L 01/21/2026 - 18:44:18: Server cvar "ff_damage_reduction_grenade_self" = "1.0"
L 01/21/2026 - 18:44:18: Server cvar "ff_damage_reduction_other" = "0.35"
L 01/21/2026 - 18:44:18: Server cvar "game_version" = "5.26.0.668-dev"
L 01/21/2026 - 18:44:18: Server cvar "humans_join_team" = "any"
L 01/21/2026 - 18:44:18: Server cvar "max_queries_sec" = "3.0"
L 01/21/2026 - 18:44:18: Server cvar "max_queries_sec_global" = "30"
L 01/21/2026 - 18:44:18: Server cvar "max_queries_window" = "60"
L 01/21/2026 - 18:44:18: Server cvar "metamod_version" = "1.3.0.138"
L 01/21/2026 - 18:44:18: Server cvar "mp_afk_bomb_drop_time" = "0"
L 01/21/2026 - 18:44:18: Server cvar "mp_autokick" = "0"
L 01/21/2026 - 18:44:18: Server cvar "mp_autokick_timeout" = "-1"
L 01/21/2026 - 18:44:18: Server cvar "mp_autoteambalance" = "1"
L 01/21/2026 - 18:44:18: Server cvar "mp_buy_anywhere" = "0"
L 01/21/2026 - 18:44:18: Server cvar "mp_buytime" = "0.25"
L 01/21/2026 - 18:44:18: Server cvar "mp_c4timer" = "35"
L 01/21/2026 - 18:44:18: Server cvar "mp_chattime" = "10"
L 01/21/2026 - 18:44:18: Server cvar "mp_consistency" = "1"
L 01/21/2026 - 18:44:18: Server cvar "mp_fadetoblack" = "0"
L 01/21/2026 - 18:44:18: Server cvar "mp_falldamage" = "1"
L 01/21/2026 - 18:44:18: Server cvar "mp_flashlight" = "0"
L 01/21/2026 - 18:44:18: Server cvar "mp_footsteps" = "1"
L 01/21/2026 - 18:44:18: Server cvar "mp_forcecamera" = "0"
L 01/21/2026 - 18:44:18: Server cvar "mp_forcechasecam" = "0"
L 01/21/2026 - 18:44:18: Server cvar "mp_forcerespawn" = "0"
L 01/21/2026 - 18:44:18: Server cvar "mp_fraglimit" = "0"
L 01/21/2026 - 18:44:18: Server cvar "mp_fragsleft" = "0"
L 01/21/2026 - 18:44:18: Server cvar "mp_freeforall" = "0"
L 01/21/2026 - 18:44:18: Server cvar "mp_freezetime" = "3"
L 01/21/2026 - 18:44:18: Server cvar "mp_friendlyfire" = "0"
L 01/21/2026 - 18:44:18: Server cvar "mp_give_player_c4" = "1"
L 01/21/2026 - 18:44:18: Server cvar "mp_hostage_hurtable" = "1"
L 01/21/2026 - 18:44:18: Server cvar "mp_hostagepenalty" = "13"
L 01/21/2026 - 18:44:18: Server cvar "mp_infinite_ammo" = "0"
L 01/21/2026 - 18:44:18: Server cvar "mp_infinite_grenades" = "0"
L 01/21/2026 - 18:44:18: Server cvar "mp_item_staytime" = "300"
L 01/21/2026 - 18:44:18: Server cvar "mp_kickpercent" = "0.66"
L 01/21/2026 - 18:44:18: Server cvar "mp_limitteams" = "1"
L 01/21/2026 - 18:44:18: Server cvar "mp_logdetail" = "0"
L 01/21/2026 - 18:44:18: Server cvar "mp_logfile" = "1"
L 01/21/2026 - 18:44:18: Server cvar "mp_logmessages" = "1"
L 01/21/2026 - 18:44:18: Server cvar "mp_mapvoteratio" = "0.66"
L 01/21/2026 - 18:44:18: Server cvar "mp_maxmoney" = "16000"
L 01/21/2026 - 18:44:18: Server cvar "mp_maxrounds" = "0"
L 01/21/2026 - 18:44:18: Server cvar "mp_playerid" = "0"
L 01/21/2026 - 18:44:18: Server cvar "mp_radio_maxinround" = "60"
L 01/21/2026 - 18:44:18: Server cvar "mp_radio_timeout" = "1.5"
L 01/21/2026 - 18:44:18: Server cvar "mp_respawn_immunity_effects" = "1"
L 01/21/2026 - 18:44:18: Server cvar "mp_respawn_immunity_force_unset" = "1"
L 01/21/2026 - 18:44:18: Server cvar "mp_respawn_immunitytime" = "0"
L 01/21/2026 - 18:44:18: Server cvar "mp_round_infinite" = "0"
L 01/21/2026 - 18:44:18: Server cvar "mp_round_restart_delay" = "5"
L 01/21/2026 - 18:44:18: Server cvar "mp_roundover" = "0"
L 01/21/2026 - 18:44:18: Server cvar "mp_roundtime" = "0"
L 01/21/2026 - 18:44:18: Server cvar "mp_scoreboard_showdefkit" = "1"
L 01/21/2026 - 18:44:18: Server cvar "mp_scoreboard_showhealth" = "3"
L 01/21/2026 - 18:44:18: Server cvar "mp_scoreboard_showmoney" = "3"
L 01/21/2026 - 18:44:18: Server cvar "mp_show_scenarioicon" = "0"
L 01/21/2026 - 18:44:18: Server cvar "mp_startmoney" = "800"
L 01/21/2026 - 18:44:18: Server cvar "mp_timeleft" = "00:00"
L 01/21/2026 - 18:44:18: Server cvar "mp_timelimit" = "0"
L 01/21/2026 - 18:44:18: Server cvar "mp_tkpunish" = "0"
L 01/21/2026 - 18:44:18: Server cvar "mp_weapons_allow_map_placed" = "1"
L 01/21/2026 - 18:44:18: Server cvar "mp_windifference" = "1"
L 01/21/2026 - 18:44:18: Server cvar "mp_winlimit" = "0"
L 01/21/2026 - 18:44:18: Server cvar "pausable" = "0"
L 01/21/2026 - 18:44:18: Server cvar "reu_version" = "0.2.0.25"
L 01/21/2026 - 18:44:18: Server cvar "sv_accelerate" = "5"
L 01/21/2026 - 18:44:18: Server cvar "sv_aim" = "1"
L 01/21/2026 - 18:44:18: Server cvar "sv_airaccelerate" = "10"
L 01/21/2026 - 18:44:18: Server cvar "sv_allow_autoaim" = "1"
L 01/21/2026 - 18:44:18: Server cvar "sv_allowupload" = "1"
L 01/21/2026 - 18:44:18: Server cvar "sv_alltalk" = "0"
L 01/21/2026 - 18:44:18: Server cvar "sv_bounce" = "1"
L 01/21/2026 - 18:44:18: Server cvar "sv_cheats" = "0"
L 01/21/2026 - 18:44:18: Server cvar "sv_clienttrace" = "1"
L 01/21/2026 - 18:44:18: Server cvar "sv_contact" = ""
L 01/21/2026 - 18:44:18: Server cvar "sv_friction" = "4"
L 01/21/2026 - 18:44:18: Server cvar "sv_gravity" = "800"
L 01/21/2026 - 18:44:18: Server cvar "sv_logblocks" = "0"
L 01/21/2026 - 18:44:18: Server cvar "sv_maxrate" = "100000"
L 01/21/2026 - 18:44:18: Server cvar "sv_maxspeed" = "900"
L 01/21/2026 - 18:44:18: Server cvar "sv_minrate" = "25000"
L 01/21/2026 - 18:44:18: Server cvar "sv_password" = "ggwp"
L 01/21/2026 - 18:44:18: Server cvar "sv_proxies" = "1"
L 01/21/2026 - 18:44:18: Server cvar "sv_restart" = "0"
L 01/21/2026 - 18:44:18: Server cvar "sv_restartround" = "0"
L 01/21/2026 - 18:44:18: Server cvar "sv_stepsize" = "18"
L 01/21/2026 - 18:44:18: Server cvar "sv_stopspeed" = "75"
L 01/21/2026 - 18:44:18: Server cvar "sv_uploadmax" = "0.5"
L 01/21/2026 - 18:44:18: Server cvar "sv_version" = "1.1.2.7/Stdio,48,4002"
L 01/21/2026 - 18:44:18: Server cvar "sv_voiceenable" = "1"
L 01/21/2026 - 18:44:18: Server cvar "sv_wateraccelerate" = "10"
L 01/21/2026 - 18:44:18: Server cvar "sv_waterfriction" = "1"
L 01/21/2026 - 18:44:18: Server cvar "yb_version" = "4.4.957"
L 01/21/2026 - 18:44:18: Server cvars end
L 01/21/2026 - 18:44:18: Server cvar "mp_timelimit" = "20"
L 01/21/2026 - 18:44:18: Started map "de_dust2_fundo" (CRC "-1253114217")
L 01/21/2026 - 18:44:20: "quantux<1><STEAM_0:1:101622284><>" entered the game
L 01/21/2026 - 18:44:21: "quantux<1><STEAM_0:1:101622284><>" joined team "TERRORIST"
L 01/21/2026 - 18:44:22: World triggered "Round_Start"
L 01/21/2026 - 18:44:22: "Counter123<17><BOT><>" entered the game
L 01/21/2026 - 18:44:22: "Counter123<17><BOT><>" joined team "CT"
L 01/21/2026 - 18:44:22: World triggered "Game_Commencing"
L 01/21/2026 - 18:44:22: World triggered "Game_Commencing" (CT "0") (T "0")
L 01/21/2026 - 18:44:22: World triggered "Round_End"
L 01/21/2026 - 18:44:23: "AfluffyKitten<18><BOT><>" entered the game
L 01/21/2026 - 18:44:23: "AfluffyKitten<18><BOT><>" joined team "TERRORIST"
L 01/21/2026 - 18:44:23: "cG PHAXD<19><BOT><>" entered the game
L 01/21/2026 - 18:44:23: "cG PHAXD<19><BOT><>" joined team "CT"
L 01/21/2026 - 18:44:24: "omega<20><BOT><>" entered the game
L 01/21/2026 - 18:44:24: "omega<20><BOT><>" joined team "CT"
L 01/21/2026 - 18:44:24: "Slayin<21><BOT><>" entered the game
L 01/21/2026 - 18:44:24: "Slayin<21><BOT><>" joined team "TERRORIST"
L 01/21/2026 - 18:44:24: "shooterman<22><BOT><>" entered the game
L 01/21/2026 - 18:44:24: "shooterman<22><BOT><>" joined team "TERRORIST"
L 01/21/2026 - 18:44:25: "bjaren<23><BOT><>" entered the game
L 01/21/2026 - 18:44:25: "bjaren<23><BOT><>" joined team "CT"
L 01/21/2026 - 18:44:25: "n0k<24><BOT><>" entered the game
L 01/21/2026 - 18:44:25: "n0k<24><BOT><>" joined team "TERRORIST"
L 01/21/2026 - 18:44:26: "blueguile<25><BOT><>" entered the game
L 01/21/2026 - 18:44:26: "blueguile<25><BOT><>" joined team "CT"
L 01/21/2026 - 18:44:26: "-CARDIAC-<26><BOT><>" entered the game
L 01/21/2026 - 18:44:26: "-CARDIAC-<26><BOT><>" joined team "TERRORIST"
L 01/21/2026 - 18:44:26: ".e7`~Silent<27><BOT><>" entered the game
L 01/21/2026 - 18:44:26: ".e7`~Silent<27><BOT><>" joined team "CT"
L 01/21/2026 - 18:44:27: "hoop<28><BOT><>" entered the game
L 01/21/2026 - 18:44:28: World triggered "Round_Start"
L 01/21/2026 - 18:44:36: Rcon: "rcon 75346866 "admin123" yb_difficulty" from "192.168.1.3:27005"
L 01/21/2026 - 18:44:41: Rcon: "rcon 75346866 "admin123" yb_difficulty 0" from "192.168.1.3:27005"
L 01/21/2026 - 18:44:43: Rcon: "rcon 75346866 "admin123" yb_difficulty" from "192.168.1.3:27005"
L 01/21/2026 - 18:44:48: "Counter123<17><BOT><CT>" killed "Slayin<21><BOT><TERRORIST>" with "usp"
L 01/21/2026 - 18:44:49: Rcon: "rcon 75346866 "admin123" yb_difficulty 7" from "192.168.1.3:27005"
L 01/21/2026 - 18:44:51: Rcon: "rcon 75346866 "admin123" yb_difficulty" from "192.168.1.3:27005"
L 01/21/2026 - 18:44:52: "cG PHAXD<19><BOT><CT>" killed "AfluffyKitten<18><BOT><TERRORIST>" with "usp"
L 01/21/2026 - 18:44:54: Rcon: "rcon 75346866 "admin123" yb_difficulty 0" from "192.168.1.3:27005"
L 01/21/2026 - 18:44:55: "Counter123<17><BOT><CT>" killed "n0k<24><BOT><TERRORIST>" with "usp"
L 01/21/2026 - 18:44:56: Rcon: "rcon 75346866 "admin123" yb_difficulty" from "192.168.1.3:27005"
L 01/21/2026 - 18:44:59: "omega<20><BOT><CT>" killed "quantux<1><STEAM_0:1:101622284><TERRORIST>" with "usp"
L 01/21/2026 - 18:45:07: Rcon: "rcon 75346866 "admin123" yb killall" from "192.168.1.3:27005"
L 01/21/2026 - 18:45:07: "Counter123<17><BOT><CT>" committed suicide with "usp" (world)
L 01/21/2026 - 18:45:07: "cG PHAXD<19><BOT><CT>" committed suicide with "usp" (world)
L 01/21/2026 - 18:45:07: "omega<20><BOT><CT>" committed suicide with "deagle" (world)
L 01/21/2026 - 18:45:07: "shooterman<22><BOT><TERRORIST>" committed suicide with "glock18" (world)
L 01/21/2026 - 18:45:07: "bjaren<23><BOT><CT>" committed suicide with "usp" (world)
L 01/21/2026 - 18:45:07: "blueguile<25><BOT><CT>" committed suicide with "usp" (world)
L 01/21/2026 - 18:45:07: "-CARDIAC-<26><BOT><TERRORIST>" committed suicide with "glock18" (world)
L 01/21/2026 - 18:45:07: Team "CT" triggered "CTs_Win" (CT "1") (T "0")
L 01/21/2026 - 18:45:07: World triggered "Round_End"
L 01/21/2026 - 18:45:07: ".e7`~Silent<27><BOT><CT>" committed suicide with "usp" (world)
L 01/21/2026 - 18:45:15: World triggered "Round_Start"
L 01/21/2026 - 18:45:31: "bjaren<23><BOT><CT>" killed "Slayin<21><BOT><TERRORIST>" with "m4a1"
L 01/21/2026 - 18:45:33: Rcon: "rcon 75346866 "admin123" yb_difficulty" from "192.168.1.3:27005"
L 01/21/2026 - 18:45:36: ".e7`~Silent<27><BOT><CT>" killed "AfluffyKitten<18><BOT><TERRORIST>" with "scout"
L 01/21/2026 - 18:45:46: "quantux<1><STEAM_0:1:101622284><TERRORIST>" killed "omega<20><BOT><CT>" with "deagle"
L 01/21/2026 - 18:45:49: "blueguile<25><BOT><CT>" killed "quantux<1><STEAM_0:1:101622284><TERRORIST>" with "usp"
L 01/21/2026 - 18:45:58: "blueguile<25><BOT><CT>" killed "shooterman<22><BOT><TERRORIST>" with "usp"
L 01/21/2026 - 18:46:06: Rcon: "rcon 75346866 "admin123" yb_difficulty 4" from "192.168.1.3:27005"
L 01/21/2026 - 18:46:07: Rcon: "rcon 75346866 "admin123" yb_difficulty" from "192.168.1.3:27005"
L 01/21/2026 - 18:46:07: "blueguile<25><BOT><CT>" killed "n0k<24><BOT><TERRORIST>" with "m4a1"
L 01/21/2026 - 18:46:12: Rcon: "rcon 75346866 "admin123" yb_difficulty 5" from "192.168.1.3:27005"
L 01/21/2026 - 18:46:13: Rcon: "rcon 75346866 "admin123" yb_difficulty" from "192.168.1.3:27005"
L 01/21/2026 - 18:46:15: Rcon: "rcon 75346866 "admin123" yb_difficult4" from "192.168.1.3:27005"
L 01/21/2026 - 18:46:17: Rcon: "rcon 75346866 "admin123" y