L 01/21/2026 - 18:33:25: Log file started (file "logs/L0121004.log") (game "cstrike") (version "48/1.1.2.7/Stdio/4002")
L 01/21/2026 - 18:33:30: "quantux<1><STEAM_0:1:101622284><>" connected, address "192.168.1.3:27005"
L 01/21/2026 - 18:33:30: "quantux<1><STEAM_0:1:101622284><>" STEAM USERID validated
L 01/21/2026 - 18:33:31: "quantux<1><STEAM_0:1:101622284><>" entered the game
L 01/21/2026 - 18:33:32: "quantux<1><STEAM_0:1:101622284><>" joined team "TERRORIST"
L 01/21/2026 - 18:33:32: "quantux<1><STEAM_0:1:101622284><TERRORIST>" triggered "Spawned_With_The_Bomb"
L 01/21/2026 - 18:33:33: World triggered "Round_Start"
L 01/21/2026 - 18:33:34: Rcon: "rcon 1937564820 "admin123" yb fill team" from "192.168.1.3:27005"
L 01/21/2026 - 18:33:34: "iamblazed<2><BOT><>" entered the game
L 01/21/2026 - 18:33:34: "iamblazed<2><BOT><>" joined team "CT"
L 01/21/2026 - 18:33:34: Kick: "iamblazed<2><><>" was kicked by "Console"
L 01/21/2026 - 18:33:34: "iamblazed<2><BOT><CT>" disconnected
L 01/21/2026 - 18:33:34: "RaGe<3><BOT><>" entered the game
L 01/21/2026 - 18:33:34: "RaGe<3><BOT><>" joined team "CT"
L 01/21/2026 - 18:33:34: World triggered "Game_Commencing"
L 01/21/2026 - 18:33:34: World triggered "Game_Commencing" (CT "0") (T "0")
L 01/21/2026 - 18:33:34: World triggered "Round_End"
L 01/21/2026 - 18:33:34: "k0h0<4><BOT><>" entered the game
L 01/21/2026 - 18:33:34: "k0h0<4><BOT><>" joined team "CT"
L 01/21/2026 - 18:33:34: "cG PHAXD<5><BOT><>" entered the game
L 01/21/2026 - 18:33:34: "cG PHAXD<5><BOT><>" joined team "TERRORIST"
L 01/21/2026 - 18:33:34: "hoop<6><BOT><>" entered the game
L 01/21/2026 - 18:33:34: "hoop<6><BOT><>" joined team "TERRORIST"
L 01/21/2026 - 18:33:34: "Magnus<7><BOT><>" entered the game
L 01/21/2026 - 18:33:34: "Magnus<7><BOT><>" joined team "CT"
L 01/21/2026 - 18:33:35: "AttAckA<8><BOT><>" entered the game
L 01/21/2026 - 18:33:35: "AttAckA<8><BOT><>" joined team "TERRORIST"
L 01/21/2026 - 18:33:35: "dslodolce<9><BOT><>" entered the game
L 01/21/2026 - 18:33:35: "dslodolce<9><BOT><>" joined team "CT"
L 01/21/2026 - 18:33:35: "Counter123<10><BOT><>" entered the game
L 01/21/2026 - 18:33:35: "Counter123<10><BOT><>" joined team "TERRORIST"
L 01/21/2026 - 18:33:35: "Buddy101<11><BOT><>" entered the game
L 01/21/2026 - 18:33:35: "Buddy101<11><BOT><>" joined team "CT"
L 01/21/2026 - 18:33:35: "Nihility<12><BOT><>" entered the game
L 01/21/2026 - 18:33:35: "Nihility<12><BOT><>" joined team "CT"
L 01/21/2026 - 18:33:35: "simslater<13><BOT><>" entered the game
L 01/21/2026 - 18:33:35: "simslater<13><BOT><>" joined team "TERRORIST"
L 01/21/2026 - 18:33:35: "INEOIVulture<14><BOT><>" entered the game
L 01/21/2026 - 18:33:35: "INEOIVulture<14><BOT><>" joined team "CT"
L 01/21/2026 - 18:33:35: "goat<15><BOT><>" entered the game
L 01/21/2026 - 18:33:35: "goat<15><BOT><>" joined team "TERRORIST"
L 01/21/2026 - 18:33:35: "Tator<16><BOT><>" entered the game
L 01/21/2026 - 18:33:35: "Tator<16><BOT><>" joined team "CT"
L 01/21/2026 - 18:33:36: Kick: "RaGe<3><><>" was kicked by "Console"
L 01/21/2026 - 18:33:36: "RaGe<3><BOT><CT>" disconnected
L 01/21/2026 - 18:33:37: "cG PHAXD<5><BOT><TERRORIST>" triggered "Spawned_With_The_Bomb"
L 01/21/2026 - 18:33:40: World triggered "Round_Start"
L 01/21/2026 - 18:33:50: "Nihility<12><BOT><CT>" killed "quantux<1><STEAM_0:1:101622284><TERRORIST>" with "usp"
L 01/21/2026 - 18:33:58: "Buddy101<11><BOT><CT>" killed "hoop<6><BOT><TERRORIST>" with "usp"
L 01/21/2026 - 18:33:59: "INEOIVulture<14><BOT><CT>" killed "AttAckA<8><BOT><TERRORIST>" with "usp"
L 01/21/2026 - 18:34:02: "cG PHAXD<5><BOT><TERRORIST>" killed "Buddy101<11><BOT><CT>" with "glock18"
L 01/21/2026 - 18:34:04: "Counter123<10><BOT><TERRORIST>" killed "Nihility<12><BOT><CT>" with "glock18"
L 01/21/2026 - 18:34:07: "dslodolce<9><BOT><CT>" killed "Counter123<10><BOT><TERRORIST>" with "deagle"
L 01/21/2026 - 18:34:15: "simslater<13><BOT><TERRORIST>" killed "INEOIVulture<14><BOT><CT>" with "deagle"
L 01/21/2026 - 18:34:37: "dslodolce<9><BOT><CT>" killed "simslater<13><BOT><TERRORIST>" with "deagle"
L 01/21/2026 - 18:34:45: "goat<15><BOT><TERRORIST>" killed "Magnus<7><BOT><CT>" with "usp"
L 01/21/2026 - 18:34:50: Rcon: "rcon 1937564820 "admin123" changelevel de_dust2_fundo" from "192.168.1.3:27005"
L 01/21/2026 - 18:34:50: "k0h0<4><BOT><CT>" disconnected
L 01/21/2026 - 18:34:50: "cG PHAXD<5><BOT><TERRORIST>" triggered "Dropped_The_Bomb"
L 01/21/2026 - 18:34:50: "cG PHAXD<5><BOT><TERRORIST>" disconnected
L 01/21/2026 - 18:34:50: "hoop<6><BOT><TERRORIST>" disconnected
L 01/21/2026 - 18:34:50: "Magnus<7><BOT><CT>" disconnected
L 01/21/2026 - 18:34:50: "AttAckA<8><BOT><TERRORIST>" disconnected
L 01/21/2026 - 18:34:50: "dslodolce<9><BOT><CT>" disconnected
L 01/21/2026 - 18:34:50: "Counter123<10><BOT><TERRORIST>" disconnected
L 01/21/2026 - 18:34:50: "Buddy101<11><BOT><CT>" disconnected
L 01/21/2026 - 18:34:50: "Nihility<12><BOT><CT>" disconnected
L 01/21/2026 - 18:34:50: "simslater<13><BOT><TERRORIST>" disconnected
L 01/21/2026 - 18:34:50: "INEOIVulture<14><BOT><CT>" disconnected
L 01/21/2026 - 18:34:50: "goat<15><BOT><TERRORIST>" disconnected
L 01/21/2026 - 18:34:50: Team "CT" triggered "CTs_Win" (CT "1") (T "0")
L 01/21/2026 - 18:34:50: World triggered "Round_End"
L 01/21/2026 - 18:34:50: "Tator<16><BOT><CT>" disconnected
L 01/21/2026 - 18:34:50: [META] ini: Begin re-reading plugins list: /opt/steam/hlds/cstrike/addons/metamod/plugins.ini
L 01/21/2026 - 18:34:50: [META] ini: Read plugin config for: Reunion
L 01/21/2026 - 18:34:50: [META] ini: Read plugin config for: AMX Mod X
L 01/21/2026 - 18:34:50: [META] ini: Read plugin config for: YaPB
L 01/21/2026 - 18:34:50: [META] ini: Finished reading plugins list: /opt/steam/hlds/cstrike/addons/metamod/plugins.ini; Found 3 plugins
L 01/21/2026 - 18:34:50: [META] dll: Updating plugins...
L 01/21/2026 - 18:34:50: [META] dll: Finished updating 4 plugins; kept 3, loaded 0, unloaded 0, reloaded 0, delayed 0
L 01/21/2026 - 18:34:50: [META] dll: Rebuilding callbacks...
L 01/21/2026 - 18:34:50: [META] dll: Callbacks rebuilded.
L 01/21/2026 - 18:34:50: "quantux<1><STEAM_0:1:101622284><TERRORIST>" disconnected
L 01/21/2026 - 18:34:50: Log file closed
